[www.greenfacility.in/index.html]
[backblue.gif]
[fade.gif]
[index.html]
[www.greenfacility.in/CSS/site.css]
[www.greenfacility.in/CSS/responsive.css]
[www.greenfacility.in/images/favicon-32x32.png]
[kit.fontawesome.com/ddcccabf5d.js]
[cdn.jsdelivr.net/npm/@fancyapps/ui@5.0/dist/fancybox/fancybox.umd.js]
[cdn.jsdelivr.net/npm/@fancyapps/ui@5.0/dist/fancybox/fancybox.css]
[code.jquery.com/jquery-3.7.1.min.js]
[cdnjs.cloudflare.com/ajax/libs/ionicons/7.4.0/esm/ionicons.min.js]
[www.googleadservices.com/pagead/f.txt]
[cdn.jsdelivr.net/npm/swiper@11/swiper-bundle.min.css]
[www.greenfacility.in/Default.html]
[www.greenfacility.in/images/green_logo.jpg]
[www.greenfacility.in/about.html]
[www.greenfacility.in/client.html]
[www.greenfacility.in/team.html]
[www.greenfacility.in/service.html]
[www.greenfacility.in/hospitality-and-Housekeeping.html]
[www.greenfacility.in/Hospital_Medical.html]
[www.greenfacility.in/Housekeeping.html]
[www.greenfacility.in/Cleaning.html]
[www.greenfacility.in/career.html]
[www.greenfacility.in/blog.html]
[www.greenfacility.in/images/icons/facebook-blk.png]
[www.greenfacility.in/contact-us.html]
[www.greenfacility.in/images/icons/whatsapp-blk.png]
[www.greenfacility.in/images/Team/3.jpg]
[www.greenfacility.in/images/icons/right.png]
[www.greenfacility.in/images/clients/avatar-1.jpg]
[www.greenfacility.in/images/clients/avatar-2.jpg]
[www.greenfacility.in/images/clients/avatar-3.jpg]
[www.greenfacility.in/images/icons/eco-home.png]
[www.greenfacility.in/images/Team/13.jpg]
[www.greenfacility.in/images/icons/right-blk.png]
[www.greenfacility.in/images/Team/20.jpg]
[www.greenfacility.in/images/Team/22.jpg]
[www.greenfacility.in/images/icons/story.png]
[www.greenfacility.in/images/icons/mission.png]
[www.greenfacility.in/images/icons/sets-apart.png]
[www.greenfacility.in/images/service-img/corporate.jpg]
[www.greenfacility.in/images/service-img/housekeeping.jpg]
[www.greenfacility.in/images/service-img/hospital-service.jpg]
[www.greenfacility.in/images/icons/profile-user.png]
[www.greenfacility.in/images/Google-Review-Logo.png]
[www.greenfacility.in/images/icons/left-arrow.png]
[www.greenfacility.in/images/icons/arrow-right.png]
[www.greenfacility.in/setting-the-standerd.html]
[www.greenfacility.in/images/blog-img/cover-img.jpg]
[www.greenfacility.in/best-practices-in-mumbai.html]
[www.greenfacility.in/images/blog-img/blog-2.jpg]
[www.greenfacility.in/significance-of-housekiping.html]
[www.greenfacility.in/images/blog-img/blog-3.jpg]
[www.greenfacility.in/role-of-housekiping.html]
[www.greenfacility.in/images/blog-img/blog-4.jpg]
[cdn.jsdelivr.net/npm/swiper@11/swiper-bundle.min.js]
[www.greenfacility.in/thanku.html]
[www.greenfacility.in/index.html]
[www.greenfacility.in/images/footer-bg.png]
[www.greenfacility.in/images/section-bg.jpg]
[www.greenfacility.in/images/hero-title-highlight.png]
[www.greenfacility.in/images/support-bg.png]
[www.greenfacility.in/images/section-bg-jpg.jpg]
[www.greenfacility.in/CSS/site.css]
[www.greenfacility.in/CSS/responsive.css]
[cdn.jsdelivr.net/npm/@fancyapps/ui@5.0/dist/fancybox/fancybox.css]
[www.googletagmanager.com/gtm5445.html]
[cdn.jsdelivr.net/npm/swiper@11/swiper-bundle.min.css]
[www.greenfacility.in/Default.html]
[www.greenfacility.in/images/abt-img/img1.jpg]
[www.greenfacility.in/about.html]
[www.greenfacility.in/images/clients/corporate-office/savya-logo.jpg]
[www.greenfacility.in/images/clients/corporate-office/s-logo.jpg]
[www.greenfacility.in/images/clients/corporate-office/vardhan-logo.jpg]
[www.greenfacility.in/images/clients/corporate-office/meril-logo.jpg]
[www.greenfacility.in/images/clients/corporate-office/maharaja-bhog-logo.jpg]
[www.greenfacility.in/images/clients/corporate-office/kanakia-logo.jpg]
[www.greenfacility.in/images/clients/corporate-office/anchal.jpg]
[www.greenfacility.in/images/clients/corporate-office/Sara_Interiors.jpg]
[www.greenfacility.in/images/clients/corporate-office/KBS.jpg]
[www.greenfacility.in/images/clients/corporate-office/sbi-logo.jpg]
[www.greenfacility.in/images/clients/corporate-office/elektromag.jpg]
[www.greenfacility.in/images/clients/corporate-office/Inscript_logo.jpg]
[www.greenfacility.in/images/icons/image.png]
[www.greenfacility.in/images/clients/corporate-office/logo-wild.jpg]
[www.greenfacility.in/images/clients/corporate-office/numeric_logo.jpg]
[www.greenfacility.in/images/clients/corporate-office/ini-farms.jpg]
[www.greenfacility.in/images/clients/corporate-office/Tele-brands-logo.jpg]
[www.greenfacility.in/images/clients/corporate-office/delta-logo.jpg]
[www.greenfacility.in/images/clients/genral-hospital/apex-hospitals-logo.jpg]
[www.greenfacility.in/images/clients/genral-hospital/criticare.jpg]
[www.greenfacility.in/images/clients/genral-hospital/sujay_hospital.jpg]
[www.greenfacility.in/images/clients/genral-hospital/BSES-MG-Hospital-logo.jpg]
[www.greenfacility.in/images/clients/genral-hospital/phmedical-centre.jpg]
[www.greenfacility.in/images/clients/genral-hospital/clinical_diagnostic.jpg]
[www.greenfacility.in/images/clients/genral-hospital/medisynth.jpg]
[www.greenfacility.in/images/clients/genral-hospital/Arjohuntheigh-logo.jpg]
[www.greenfacility.in/images/clients/gym-and-health/Gympac-logo.jpg]
[www.greenfacility.in/images/clients/gym-and-health/Karmarkar-spa-logo.jpg]
[www.greenfacility.in/images/clients/school-clg/innovative-animation-logo.jpg]
[www.greenfacility.in/images/clients/school-clg/RBK-International-Schoo-logo.jpg]
[www.greenfacility.in/images/clients/school-clg/Hanumantha-High-School-logo.jpg]
[www.greenfacility.in/images/clients/school-clg/RBK-Global-School-logo.jpg]
[www.greenfacility.in/images/clients/school-clg/Ryan-Global-School-logo.jpg]
[www.greenfacility.in/images/clients/school-clg/ICFALOGO.jpg]
[www.greenfacility.in/images/clients/school-clg/reetambhara.jpg]
[www.greenfacility.in/images/clients/school-clg/ASM-logo.jpg]
[www.greenfacility.in/images/clients/studio/Emsquare.jpg]
[www.greenfacility.in/images/clients/studio/Chandivali.jpg]
[www.greenfacility.in/images/clients/studio/Maya.jpg]
[www.greenfacility.in/images/clients/studio/Reliance.jpg]
[www.greenfacility.in/images/clients/studio/Parchar.jpg]
[www.greenfacility.in/images/clients/showrooms/vasan.jpg]
[www.greenfacility.in/client.html]
[www.greenfacility.in/team.html]
[www.greenfacility.in/images/service-img/cleaning.jpg]
[www.greenfacility.in/service.html]
[www.greenfacility.in/images/leaf.png]
[www.greenfacility.in/images/service-img/housekeepingq1.jpg]
[www.greenfacility.in/hospitality-and-Housekeeping.html]
[www.greenfacility.in/images/service-img/hos_med.jpg]
[www.greenfacility.in/Hospital_Medical.html]
[www.greenfacility.in/images/service-img/housekeeping2.jpg]
[www.greenfacility.in/Housekeeping.html]
[www.greenfacility.in/Cleaning.html]
[www.greenfacility.in/career.html]
[www.greenfacility.in/images/blog-img/blog-2-banner.jpg]
[www.greenfacility.in/images/blog-img/blog-3-banner.jpg]
[www.greenfacility.in/images/blog-img/blog-4-banner.jpg]
[www.greenfacility.in/blog.html]
[www.greenfacility.in/images/icons/telephone-call.png]
[www.greenfacility.in/images/icons/email.png]
[www.greenfacility.in/images/icons/maps-and-flags.png]
[www.greenfacility.in/contact-us.html]
[www.greenfacility.in/images/blog-img/inner-1.jpg]
[www.greenfacility.in/images/blog-img/inner-2.jpg]
[www.greenfacility.in/setting-the-standerd.html]
[www.greenfacility.in/images/blog-img/inner-3.jpg]
[www.greenfacility.in/images/blog-img/inner-4.jpg]
[www.greenfacility.in/best-practices-in-mumbai.html]
[www.greenfacility.in/images/blog-img/inner-5.jpg]
[www.greenfacility.in/significance-of-housekiping.html]
[www.greenfacility.in/role-of-housekiping.html]
[www.greenfacility.in/thanku.html]
